// Jest Snapshot v1, https://goo.gl/fbAQLP

exports[`DropDown Suite Take a snapshot 1`] = `
ShallowWrapper {
  Symbol(enzyme.__root__): [Circular],
  Symbol(enzyme.__unrendered__): <DropDown />,
  Symbol(enzyme.__renderer__): Object {
    "batchedUpdates": [Function],
    "checkPropTypes": [Function],
    "getNode": [Function],
    "render": [Function],
    "simulateError": [Function],
    "simulateEvent": [Function],
    "unmount": [Function],
  },
  Symbol(enzyme.__node__): Object {
    "instance": null,
    "key": undefined,
    "nodeType": "class",
    "props": Object {
      "announce": false,
      "children": Array [
        <Box
          align="center"
          announce={false}
          direction="row"
          flex={true}
          focusable={true}
          onClick={[Function]}
          pad="none"
          responsive={true}
          size="large"
          style={
                    Object {
                              "border": "1px solid black",
                            }
          }
          tag="div"
>
          <FormSubtract
                    responsive={true}
          />
          <Paragraph
                    align="center"
          />
</Box>,
        <DropDownList
          items={undefined}
          open={true}
/>,
      ],
      "direction": "column",
      "focusable": true,
      "margin": Object {
        "vertical": "small",
      },
      "pad": "none",
      "responsive": true,
      "tag": "div",
    },
    "ref": null,
    "rendered": Array [
      Object {
        "instance": null,
        "key": undefined,
        "nodeType": "class",
        "props": Object {
          "align": "center",
          "announce": false,
          "children": Array [
            <FormSubtract
              responsive={true}
/>,
            <Paragraph
              align="center"
/>,
          ],
          "direction": "row",
          "flex": true,
          "focusable": true,
          "onClick": [Function],
          "pad": "none",
          "responsive": true,
          "size": "large",
          "style": Object {
            "border": "1px solid black",
          },
          "tag": "div",
        },
        "ref": null,
        "rendered": Array [
          Object {
            "instance": null,
            "key": undefined,
            "nodeType": "class",
            "props": Object {
              "responsive": true,
            },
            "ref": null,
            "rendered": null,
            "type": [Function],
          },
          Object {
            "instance": null,
            "key": undefined,
            "nodeType": "class",
            "props": Object {
              "align": "center",
              "children": undefined,
            },
            "ref": null,
            "rendered": null,
            "type": [Function],
          },
        ],
        "type": [Function],
      },
      Object {
        "instance": null,
        "key": undefined,
        "nodeType": "function",
        "props": Object {
          "items": undefined,
          "open": true,
        },
        "ref": null,
        "rendered": null,
        "type": [Function],
      },
    ],
    "type": [Function],
  },
  Symbol(enzyme.__nodes__): Array [
    Object {
      "instance": null,
      "key": undefined,
      "nodeType": "class",
      "props": Object {
        "announce": false,
        "children": Array [
          <Box
            align="center"
            announce={false}
            direction="row"
            flex={true}
            focusable={true}
            onClick={[Function]}
            pad="none"
            responsive={true}
            size="large"
            style={
                        Object {
                                    "border": "1px solid black",
                                  }
            }
            tag="div"
>
            <FormSubtract
                        responsive={true}
            />
            <Paragraph
                        align="center"
            />
</Box>,
          <DropDownList
            items={undefined}
            open={true}
/>,
        ],
        "direction": "column",
        "focusable": true,
        "margin": Object {
          "vertical": "small",
        },
        "pad": "none",
        "responsive": true,
        "tag": "div",
      },
      "ref": null,
      "rendered": Array [
        Object {
          "instance": null,
          "key": undefined,
          "nodeType": "class",
          "props": Object {
            "align": "center",
            "announce": false,
            "children": Array [
              <FormSubtract
                responsive={true}
/>,
              <Paragraph
                align="center"
/>,
            ],
            "direction": "row",
            "flex": true,
            "focusable": true,
            "onClick": [Function],
            "pad": "none",
            "responsive": true,
            "size": "large",
            "style": Object {
              "border": "1px solid black",
            },
            "tag": "div",
          },
          "ref": null,
          "rendered": Array [
            Object {
              "instance": null,
              "key": undefined,
              "nodeType": "class",
              "props": Object {
                "responsive": true,
              },
              "ref": null,
              "rendered": null,
              "type": [Function],
            },
            Object {
              "instance": null,
              "key": undefined,
              "nodeType": "class",
              "props": Object {
                "align": "center",
                "children": undefined,
              },
              "ref": null,
              "rendered": null,
              "type": [Function],
            },
          ],
          "type": [Function],
        },
        Object {
          "instance": null,
          "key": undefined,
          "nodeType": "function",
          "props": Object {
            "items": undefined,
            "open": true,
          },
          "ref": null,
          "rendered": null,
          "type": [Function],
        },
      ],
      "type": [Function],
    },
  ],
  Symbol(enzyme.__options__): Object {
    "adapter": ReactSixteenAdapter {
      "options": Object {
        "enableComponentDidUpdateOnSetState": true,
        "legacyContextMode": "parent",
        "lifecycles": Object {
          "componentDidUpdate": Object {
            "onSetState": true,
          },
          "getChildContext": Object {
            "calledByRenderer": false,
          },
          "getDerivedStateFromError": true,
          "getDerivedStateFromProps": Object {
            "hasShouldComponentUpdateBug": false,
          },
          "getSnapshotBeforeUpdate": true,
          "setState": Object {
            "skipsComponentDidUpdateOnNullish": true,
          },
        },
      },
    },
    Symbol(enzyme.__providerValues__): undefined,
  },
  Symbol(enzyme.__providerValues__): Map {},
  Symbol(enzyme.__childContext__): null,
}
`;
