// Jest Snapshot v1, https://goo.gl/fbAQLP

exports[`Main Header Component Should Match 1`] = `undefined`;
